// Jest Snapshot v1, https://goo.gl/fbAQLP

exports[`class component should render component as described in snapshot 1`] = `
<app-grade
  classService={[Function Object]}
  dataSource={[Function MatTableDataSource]}
  dialog={[Function Object]}
  displayedColumns={[Function Array]}
  mswSnackbar={[Function Object]}
  resultsLength="0"
  router="undefined"
  scheduleService={[Function Object]}
  sort={[Function MatSort]}
  table={[Function ElementRef]}
>
  <div
    class="main-content msw-class-container"
    data-test-id="classes-page"
  >
    <div
      class="container-fluid"
    >
      <div
        class="header-menu-container msw-table-tools-header"
      >
        <div
          class="header-table-count"
        >
          <div>
            <span
              class="header-table-count-label"
            >
              כיתות
            </span>
            <span
              class="header-table-count-number"
            >
              (
            </span>
          </div>
        </div>
        <div
          class="example-header msw-table-tools-header"
        >
          <button
            color="primary"
            mat-raised-button=""
          >
            <i
              class="material-icons"
            >
               add 
            </i>
             הוסף כיתה חדשה 
          </button>
        </div>
      </div>
      <div
        class="row"
      >
        <div
          class="col-lg-12 col-md-12 col-sm-12"
        >
          <mat-table
            class="msw-table"
            matsort=""
            matsortactive="name"
            matsortdirection="asc"
            matsortdisableclear=""
          >
            
            
            
            
            
            
            
            --&gt; 
            
            
            
            
          </mat-table>
        </div>
      </div>
    </div>
  </div>
</app-grade>
`;
