// Jest Snapshot v1, https://goo.gl/fbAQLP

exports[`ClassDetailsComponent should match current snapshot 1`] = `
<app-class-details-view>
  <div
    class="main-content"
  >
    <div
      class="container-fluid"
    >
      <div
        class="row"
      >
        <div
          class="col-lg-12 col-md-12 col-sm-12"
        >
          <table
            class="mat-table schedule-table"
            role="grid"
          >
            <thead>
              <tr
                class="mat-header-row"
                role="row"
              >
                <th
                  class="mat-header-cell cdk-column-position mat-column-position"
                  colspan="2"
                  role="columnheader"
                >
                  שעה
                </th>
                
              </tr>
            </thead>
            <tbody>
              
            </tbody>
          </table>
        </div>
      </div>
    </div>
  </div>
</app-class-details-view>
`;
