// Jest Snapshot v1, https://goo.gl/fbAQLP

exports[`dashboard component should render component as described in snapshot 1`] = `
<app-root>
  <div
    class="msw-wrapper wrapper"
  >
    
    
    <div
      class="sidebar"
      data-background-color="white"
      data-color="purple"
      data-image="../assets/img/sidebar-1.jpg"
    >
      
      
      <app-sidebar />
      
    
    </div>
    
    
    <div
      class="main-panel"
    >
      
      
      <app-navbar />
      
      
      <router-outlet />
      
      
      <app-footer />
      
    
    </div>
    
  
  </div>
  
</app-root>
`;
